taglib\audioproperties.h
taglib\fileref.h
taglib\tag.h
taglib\taglib_export.h
taglib\tagunion.h
taglib\tagutils.h
taglib\ape\apefile.h
taglib\ape\apefooter.h
taglib\ape\apeitem.h
taglib\ape\apeproperties.h
taglib\ape\apetag.h
taglib\asf\asfattribute.h
taglib\asf\asffile.h
taglib\asf\asfpicture.h
taglib\asf\asfproperties.h
taglib\asf\asftag.h
taglib\asf\asfutils.h
taglib\flac\flacfile.h
taglib\flac\flacmetadatablock.h
taglib\flac\flacpicture.h
taglib\flac\flacproperties.h
taglib\flac\flacunknownmetadatablock.h
taglib\it\itfile.h
taglib\it\itproperties.h
taglib\mod\modfile.h
taglib\mod\modfilebase.h
taglib\mod\modfileprivate.h
taglib\mod\modproperties.h
taglib\mod\modtag.h
taglib\mp4\mp4atom.h
taglib\mp4\mp4coverart.h
taglib\mp4\mp4file.h
taglib\mp4\mp4item.h
taglib\mp4\mp4properties.h
taglib\mp4\mp4tag.h
taglib\mpc\mpcfile.h
taglib\mpc\mpcproperties.h
taglib\mpeg\mpegfile.h
taglib\mpeg\mpegheader.h
taglib\mpeg\mpegproperties.h
taglib\mpeg\mpegutils.h
taglib\mpeg\xingheader.h
taglib\mpeg\id3v1\id3v1genres.h
taglib\mpeg\id3v1\id3v1tag.h
taglib\mpeg\id3v2\id3v2.h
taglib\mpeg\id3v2\id3v2extendedheader.h
taglib\mpeg\id3v2\id3v2footer.h
taglib\mpeg\id3v2\id3v2frame.h
taglib\mpeg\id3v2\id3v2framefactory.h
taglib\mpeg\id3v2\id3v2header.h
taglib\mpeg\id3v2\id3v2synchdata.h
taglib\mpeg\id3v2\id3v2tag.h
taglib\mpeg\id3v2\frames\attachedpictureframe.h
taglib\mpeg\id3v2\frames\chapterframe.h
taglib\mpeg\id3v2\frames\commentsframe.h
taglib\mpeg\id3v2\frames\eventtimingcodesframe.h
taglib\mpeg\id3v2\frames\generalencapsulatedobjectframe.h
taglib\mpeg\id3v2\frames\ownershipframe.h
taglib\mpeg\id3v2\frames\podcastframe.h
taglib\mpeg\id3v2\frames\popularimeterframe.h
taglib\mpeg\id3v2\frames\privateframe.h
taglib\mpeg\id3v2\frames\relativevolumeframe.h
taglib\mpeg\id3v2\frames\synchronizedlyricsframe.h
taglib\mpeg\id3v2\frames\tableofcontentsframe.h
taglib\mpeg\id3v2\frames\textidentificationframe.h
taglib\mpeg\id3v2\frames\uniquefileidentifierframe.h
taglib\mpeg\id3v2\frames\unknownframe.h
taglib\mpeg\id3v2\frames\unsynchronizedlyricsframe.h
taglib\mpeg\id3v2\frames\urllinkframe.h
taglib\ogg\oggfile.h
taglib\ogg\oggpage.h
taglib\ogg\oggpageheader.h
taglib\ogg\xiphcomment.h
taglib\ogg\flac\oggflacfile.h
taglib\ogg\opus\opusfile.h
taglib\ogg\opus\opusproperties.h
taglib\ogg\speex\speexfile.h
taglib\ogg\speex\speexproperties.h
taglib\ogg\vorbis\vorbisfile.h
taglib\ogg\vorbis\vorbisproperties.h
taglib\riff\rifffile.h
taglib\riff\riffutils.h
taglib\riff\aiff\aifffile.h
taglib\riff\aiff\aiffproperties.h
taglib\riff\wav\infotag.h
taglib\riff\wav\wavfile.h
taglib\riff\wav\wavproperties.h
taglib\s3m\s3mfile.h
taglib\s3m\s3mproperties.h
taglib\toolkit\taglib.h
taglib\toolkit\tbytevector.h
taglib\toolkit\tbytevectorlist.h
taglib\toolkit\tbytevectorstream.h
taglib\toolkit\tdebug.h
taglib\toolkit\tdebuglistener.h
taglib\toolkit\tfile.h
taglib\toolkit\tfilestream.h
taglib\toolkit\tiostream.h
taglib\toolkit\tlist.h
taglib\toolkit\tlist.tcc
taglib\toolkit\tmap.h
taglib\toolkit\tmap.tcc
taglib\toolkit\tpropertymap.h
taglib\toolkit\trefcounter.h
taglib\toolkit\tstring.h
taglib\toolkit\tstringlist.h
taglib\toolkit\tutils.h
taglib\toolkit\tzlib.h
taglib\trueaudio\trueaudiofile.h
taglib\trueaudio\trueaudioproperties.h
taglib\wavpack\wavpackfile.h
taglib\wavpack\wavpackproperties.h
taglib\xm\xmfile.h
taglib\xm\xmproperties.h
